
> vue-antd-jeecg@3.4.3 build
> set NODE_OPTIONS=--openssl-legacy-provider && vue-cli-service build


-  Building for production...
Browserslist: caniuse-lite is outdated. Please run:
npx browserslist@latest --update-db
 WARNING  Compiled with 5 warnings14:06:26

 warning  

chunk chunk-1817ac1c [mini-css-extract-plugin]
Conflicting order. Following module has been added:
 * css ./node_modules/css-loader??ref--6-oneOf-1-1!./node_modules/vue-loader/lib/loaders/stylePostLoader.js!./node_modules/postcss-loader/src??ref--6-oneOf-1-2!./node_modules/cache-loader/dist/cjs.js??ref--0-0!./node_modules/vue-loader/lib??vue-loader-options!./src/views/jeecg/tablist/form/JeecgOrderCustomerModal.vue?vue&type=style&index=0&id=e86d1f2e&scoped=true&lang=css&
despite it was not able to fulfill desired ordering with these modules:
 * css ./node_modules/css-loader??ref--6-oneOf-1-1!./node_modules/vue-loader/lib/loaders/stylePostLoader.js!./node_modules/postcss-loader/src??ref--6-oneOf-1-2!./node_modules/cache-loader/dist/cjs.js??ref--0-0!./node_modules/vue-loader/lib??vue-loader-options!./src/views/jeecg/tablist/form/JeecgOrderDMainModal.vue?vue&type=style&index=0&id=2de11e5c&scoped=true&lang=css&
   - couldn't fulfill desired order of chunk group(s) 

 warning  

chunk chunk-1817ac1c [mini-css-extract-plugin]
Conflicting order. Following module has been added:
 * css ./node_modules/css-loader??ref--6-oneOf-1-1!./node_modules/vue-loader/lib/loaders/stylePostLoader.js!./node_modules/postcss-loader/src??ref--6-oneOf-1-2!./node_modules/cache-loader/dist/cjs.js??ref--0-0!./node_modules/vue-loader/lib??vue-loader-options!./src/views/jeecg/tablist/JeecgOrderTicketList.vue?vue&type=style&index=0&id=3e5b2200&scoped=true&lang=css&
despite it was not able to fulfill desired ordering with these modules:
 * css ./node_modules/css-loader??ref--6-oneOf-1-1!./node_modules/vue-loader/lib/loaders/stylePostLoader.js!./node_modules/postcss-loader/src??ref--6-oneOf-1-2!./node_modules/cache-loader/dist/cjs.js??ref--0-0!./node_modules/vue-loader/lib??vue-loader-options!./src/views/jeecg/tablist/JeecgOrderCustomerList.vue?vue&type=style&index=0&id=032e064e&scoped=true&lang=css&
   - couldn't fulfill desired order of chunk group(s) 

 warning  

chunk chunk-1817ac1c [mini-css-extract-plugin]
Conflicting order. Following module has been added:
 * css ./node_modules/css-loader??ref--6-oneOf-1-1!./node_modules/vue-loader/lib/loaders/stylePostLoader.js!./node_modules/postcss-loader/src??ref--6-oneOf-1-2!./node_modules/cache-loader/dist/cjs.js??ref--0-0!./node_modules/vue-loader/lib??vue-loader-options!./src/views/jeecg/tablist/JeecgOrderDMainList.vue?vue&type=style&index=0&id=1bacfb3c&scoped=true&lang=css&
despite it was not able to fulfill desired ordering with these modules:
 * css ./node_modules/css-loader??ref--6-oneOf-1-1!./node_modules/vue-loader/lib/loaders/stylePostLoader.js!./node_modules/postcss-loader/src??ref--6-oneOf-1-2!./node_modules/cache-loader/dist/cjs.js??ref--0-0!./node_modules/vue-loader/lib??vue-loader-options!./src/views/jeecg/tablist/JeecgOrderCustomerList.vue?vue&type=style&index=0&id=032e064e&scoped=true&lang=css&
   - couldn't fulfill desired order of chunk group(s) 

 warning  

asset size limit: The following asset(s) exceed the recommended size limit (244 KiB).
This can impact web performance.
Assets: 
  js/app.e505c1f0.js (590 KiB)
  js/chunk-2520899c.3231873b.js (461 KiB)
  js/chunk-2d0d5f54.e70b0f96.js (659 KiB)
  js/chunk-2de230dd.6826b93a.js (2.55 MiB)
  css/chunk-3713be93.fa2cb054.css (404 KiB)
  js/chunk-3713be93.1f09fc00.js (5.4 MiB)
  js/chunk-500a3595.ecfcccc0.js (622 KiB)
  js/chunk-5b2cc926.cbc6d240.js (2.73 MiB)
  js/chunk-7052ca12.3480c42e.js (429 KiB)
  css/chunk-vendors.e1126a2d.css (762 KiB)
  js/chunk-vendors.cee91e1f.js (7.63 MiB)
  monaco-editor/min/vs/editor/editor.main.nls.ru.js (365 KiB)
  monaco-editor/min/vs/language/html/htmlWorker.js (455 KiB)
  static/ietmeditor/CodeMirror/lib/codemirror.js (360 KiB)
  monaco-editor/min/vs/language/css/cssWorker.js (779 KiB)
  monaco-editor/min/vs/editor/editor.main.js (2.66 MiB)
  static/ietmeditor/lib/codemirror.js (360 KiB)
  static/ietmeditor/res/crew_schema.js (720 KiB)
  static/ietmeditor/res/ipd_schema.js (634 KiB)
  static/ietmeditor/res/descript_schema.js (663 KiB)
  static/ietmeditor/res/proced_schema.js (774 KiB)
  static/ietmeditor/res/fault_schema.js (977 KiB)
  static/ietmeditor/res/schedul_schema.js (833 KiB)
  static/ietmeditor/res/techrep_schema.js (1.07 MiB)
  monaco-editor/min/vs/language/typescript/tsWorker.js (4.35 MiB)
  js/chunk-2de230dd.6826b93a.js.gz (648 KiB)
  monaco-editor/min/vs/editor/editor.main.js.gz (682 KiB)
  js/chunk-5b2cc926.cbc6d240.js.gz (701 KiB)
  monaco-editor/min/vs/language/typescript/tsWorker.js.gz (976 KiB)
  js/chunk-3713be93.1f09fc00.js.gz (1.41 MiB)
  js/chunk-vendors.cee91e1f.js.gz (2.13 MiB)

 warning  

entrypoint size limit: The following entrypoint(s) combined asset size exceeds the recommended limit (244 KiB). This can impact web performance.
Entrypoints:
  app (9.02 MiB)
      css/chunk-vendors.e1126a2d.css
      js/chunk-vendors.cee91e1f.js
      css/app.080a6048.css
      js/app.e505c1f0.js


  File                                      Size             Gzipped

  dist\js\chunk-vendors.cee91e1f.js         7816.81 KiB      2188.36 KiB
  dist\js\chunk-3713be93.1f09fc00.js        5529.09 KiB      1447.75 KiB
  dist\monaco-editor\min\vs\language\typ    4451.04 KiB      980.09 KiB
  escript\tsWorker.js
  dist\js\chunk-5b2cc926.cbc6d240.js        2791.74 KiB      703.77 KiB
  dist\monaco-editor\min\vs\editor\edito    2726.86 KiB      684.39 KiB
  r.main.js
  dist\js\chunk-2de230dd.6826b93a.js        2608.61 KiB      650.38 KiB
  dist\static\ietmeditor\res\techrep_sch    1091.82 KiB      74.73 KiB
  ema.js
  dist\static\ietmeditor\res\fault_schem    976.62 KiB       79.76 KiB
  a.js
  dist\static\ietmeditor\res\schedul_sch    832.88 KiB       77.60 KiB
  ema.js
  dist\monaco-editor\min\vs\language\css    779.34 KiB       150.87 KiB
  \cssWorker.js
  dist\static\ietmeditor\res\proced_sche    773.62 KiB       68.56 KiB
  ma.js
  dist\static\ietmeditor\res\crew_schema    719.81 KiB       65.10 KiB
  .js
  dist\static\ietmeditor\res\descript_sc    662.63 KiB       58.63 KiB
  hema.js
  dist\js\chunk-2d0d5f54.e70b0f96.js        658.65 KiB       148.25 KiB
  dist\static\ietmeditor\res\ipd_schema.    633.55 KiB       56.91 KiB
  js
  dist\js\chunk-500a3595.ecfcccc0.js        621.56 KiB       156.57 KiB
  dist\js\app.e505c1f0.js                   589.84 KiB       146.55 KiB
  dist\js\chunk-2520899c.3231873b.js        461.35 KiB       149.52 KiB
  dist\monaco-editor\min\vs\language\htm    455.42 KiB       104.42 KiB
  l\htmlWorker.js
  dist\js\chunk-7052ca12.3480c42e.js        429.44 KiB       141.21 KiB
  dist\monaco-editor\min\vs\editor\edito    364.97 KiB       30.50 KiB
  r.main.nls.ru.js
  dist\static\ietmeditor\CodeMirror\lib\    360.09 KiB       99.44 KiB
  codemirror.js
  dist\static\ietmeditor\lib\codemirror.    360.09 KiB       99.44 KiB
  js
  dist\static\ietmeditor\jquery.js          241.79 KiB       71.72 KiB
  dist\cdn\babel-polyfill\polyfill_7_2_5    225.00 KiB       57.41 KiB
  .js
  dist\js\chunk-0dcfae18.d78bdd47.js        206.94 KiB       54.92 KiB
  dist\js\chunk-4acc3044.7dfa6b03.js        201.32 KiB       58.10 KiB
  dist\monaco-editor\min\vs\base\worker\    188.33 KiB       60.98 KiB
  workerMain.js
  dist\monaco-editor\min\vs\editor\edito    176.26 KiB       22.25 KiB
  r.main.nls.ja.js
  dist\monaco-editor\min\vs\language\jso    154.60 KiB       39.24 KiB
  n\jsonWorker.js
  dist\monaco-editor\min\vs\editor\edito    145.84 KiB       20.19 KiB
  r.main.nls.ko.js
  dist\monaco-editor\min\vs\editor\edito    113.40 KiB       19.22 KiB
  r.main.nls.zh-tw.js
  dist\monaco-editor\min\vs\editor\edito    110.91 KiB       19.03 KiB
  r.main.nls.zh-cn.js
  dist\static\ietmeditor\res\en_cn.js       105.95 KiB       33.50 KiB
  dist\monaco-editor\min\vs\editor\edito    93.25 KiB        18.91 KiB
  r.main.nls.fr.js
  dist\monaco-editor\min\vs\editor\edito    87.33 KiB        17.72 KiB
  r.main.nls.it.js
  dist\monaco-editor\min\vs\editor\edito    85.64 KiB        18.24 KiB
  r.main.nls.es.js
  dist\monaco-editor\min\vs\editor\edito    84.76 KiB        19.32 KiB
  r.main.nls.de.js
  dist\js\chunk-6e028a10.6e1476f6.js        79.02 KiB        17.53 KiB
  dist\monaco-editor\min\vs\editor\edito    68.12 KiB        15.54 KiB
  r.main.nls.js
  dist\monaco-editor\min\vs\language\jso    56.85 KiB        14.69 KiB
  n\jsonMode.js
  dist\js\chunk-2151f7a8.78790d4d.js        54.41 KiB        12.80 KiB
  dist\js\chunk-9d93c7ce.cdc74045.js        48.74 KiB        16.51 KiB
  dist\static\ietmeditor\IetmEditorUtils    44.44 KiB        11.92 KiB
  .js
  dist\js\chunk-6e3d8a86.9aa33ee8.js        39.77 KiB        10.10 KiB
  dist\js\chunk-2d0e2366.75765db2.js        39.69 KiB        11.27 KiB
  dist\js\chunk-1b0a1641.5225d32b.js        39.28 KiB        10.20 KiB
  dist\static\ietmeditor\CodeMirror\addo    36.71 KiB        9.76 KiB
  n\merge\merge.js
  dist\js\chunk-2d0c1ed0.a213a775.js        36.58 KiB        9.69 KiB
  dist\monaco-editor\min\vs\language\css    36.31 KiB        8.60 KiB
  \cssMode.js
  dist\js\chunk-585f5738.38124925.js        36.20 KiB        9.42 KiB
  dist\static\ietmeditor\util\string.js     36.14 KiB        10.48 KiB
  dist\monaco-editor\min\vs\language\htm    34.98 KiB        8.20 KiB
  l\htmlMode.js
  dist\js\chunk-8b2ad06e.2b486874.js        33.55 KiB        9.12 KiB
  dist\js\chunk-0ccf8fa4.9f3e1878.js        33.16 KiB        8.57 KiB
  dist\monaco-editor\min\vs\loader.js       32.43 KiB        9.35 KiB
  dist\js\chunk-517b6b54.907e770b.js        31.99 KiB        8.07 KiB
  dist\monaco-editor\min\vs\language\typ    31.94 KiB        7.70 KiB
  escript\tsMode.js
  dist\js\chunk-4f8bd8c6.f5ae630b.js        31.40 KiB        7.61 KiB
  dist\js\chunk-2d228ca6.a92046e8.js        31.39 KiB        7.76 KiB
  dist\js\chunk-41c8258f.044d0984.js        31.21 KiB        4.08 KiB
  dist\js\user.391b61a2.js                  30.85 KiB        8.54 KiB
  dist\js\chunk-621238b8.0db6e6da.js        30.03 KiB        8.19 KiB
  dist\js\chunk-2d2371be.aac06af0.js        29.91 KiB        7.39 KiB
  dist\js\chunk-3bef084f.e1357d3f.js        29.04 KiB        7.75 KiB
  dist\js\chunk-f12f37a6.09354470.js        28.46 KiB        7.55 KiB
  dist\js\chunk-2d22502a.f810b900.js        28.32 KiB        7.16 KiB
  dist\js\chunk-45efc3f8.6f134c0c.js        27.18 KiB        7.19 KiB
  dist\js\chunk-8c907a88.eaa6e54a.js        26.78 KiB        6.97 KiB
  dist\cdn\font-icon\font_2316098_umquso    26.33 KiB        8.17 KiB
  zousr.js
  dist\js\chunk-27ff6db0.4d5f1ba1.js        25.02 KiB        6.63 KiB
  dist\js\chunk-4e309160.ee3b761c.js        24.88 KiB        5.54 KiB
  dist\js\chunk-1817ac1c.ad6b3861.js        24.76 KiB        5.02 KiB
  dist\js\chunk-2ca214ca.2a08bf61.js        24.53 KiB        6.36 KiB
  dist\js\chunk-2a586ed8.172ecb34.js        23.39 KiB        6.95 KiB
  dist\js\chunk-68887354.e0753b34.js        23.37 KiB        7.25 KiB
  dist\js\chunk-3b0ece6c.5751d6b9.js        23.18 KiB        6.78 KiB
  dist\js\chunk-ac666b32.d2c8fa25.js        22.87 KiB        6.47 KiB
  dist\js\chunk-5bcedd04.867f28d4.js        21.81 KiB        6.11 KiB
  dist\js\chunk-22814088.d94d73d0.js        21.32 KiB        6.33 KiB
  dist\js\chunk-2b45a1bc.45b07008.js        21.10 KiB        4.73 KiB
  dist\js\chunk-648d9700.6eef5eca.js        20.74 KiB        3.17 KiB
  dist\js\chunk-1e6a590f.06f0d9c7.js        20.59 KiB        5.93 KiB
  dist\js\chunk-74aa5164.995da7ae.js        20.35 KiB        5.70 KiB
  dist\test-regen-comprehensive.js          19.95 KiB        3.91 KiB
  dist\js\chunk-36108da0.bf13e19a.js        19.08 KiB        6.24 KiB
  dist\js\chunk-183de7d8.9b33679e.js        18.88 KiB        6.25 KiB
  dist\static\ietmeditor\CodeMirror\addo    18.74 KiB        5.98 KiB
  n\merge\diff_match_patch.js
  dist\js\chunk-1b398ae7.93853972.js        18.68 KiB        6.03 KiB
  dist\monaco-editor\min\vs\basic-langua    18.57 KiB        4.60 KiB
  ges\solidity\solidity.js
  dist\js\chunk-f1c806b2.0c78dce5.js        18.41 KiB        4.56 KiB
  dist\js\chunk-f3674912.40215525.js        18.41 KiB        5.42 KiB
  dist\static\ietmeditor\CodeMirror\addo    18.38 KiB        5.50 KiB
  n\hint\show-hint.js
  dist\js\chunk-2d0aeb45.82740fc5.js        18.19 KiB        4.40 KiB
  dist\js\chunk-14cee10c.a7c91318.js        17.62 KiB        4.63 KiB
  dist\js\chunk-60c80fb2.e041e5d8.js        17.52 KiB        5.05 KiB
  dist\js\chunk-1da69a8c.52a2cffc.js        17.42 KiB        5.21 KiB
  dist\static\ietmeditor\util\IetmXmlEdi    17.40 KiB        6.35 KiB
  tor.js
  dist\static\ietmeditor\IetmXmlEditor.j    17.27 KiB        6.31 KiB
  s
  dist\js\chunk-80089ee2.2ecb2997.js        17.25 KiB        4.03 KiB
  dist\monaco-editor\min\vs\basic-langua    16.95 KiB        4.97 KiB
  ges\powerquery\powerquery.js
  dist\js\chunk-2d0d2f22.484c42f5.js        16.57 KiB        4.79 KiB
  dist\js\chunk-fc8c7afa.5d309c3c.js        16.56 KiB        4.95 KiB
  dist\static\ietmeditor\_Designer\IetmE    15.74 KiB        5.02 KiB
  ditorDesignerPara.js
  dist\js\chunk-472c2409.7dbfb512.js        15.35 KiB        5.14 KiB
  dist\test-regen.js                        15.23 KiB        3.53 KiB
  dist\js\chunk-d62bb5d0.0c06b356.js        15.09 KiB        4.10 KiB
  dist\js\chunk-5fa4fda3.a8b29801.js        15.02 KiB        4.39 KiB
  dist\js\chunk-bff47058.1041fb7d.js        14.92 KiB        5.02 KiB
  dist\js\chunk-155d1d61.b72b7c3a.js        14.87 KiB        4.96 KiB
  dist\js\chunk-5df0aad8.3d824432.js        14.55 KiB        4.90 KiB
  dist\js\chunk-29dac7cf.979a6f54.js        14.38 KiB        5.16 KiB
  dist\js\chunk-3f544492.a405a50c.js        14.31 KiB        4.85 KiB
  dist\monaco-editor\min\vs\basic-langua    14.23 KiB        5.42 KiB
  ges\abap\abap.js
  dist\js\chunk-9854af5c.b8b8b5ee.js        14.19 KiB        4.08 KiB
  dist\js\chunk-772a875d.0eca135b.js        13.86 KiB        5.25 KiB
  dist\js\chunk-28b4c9fa.62ef06a8.js        13.64 KiB        4.85 KiB
  dist\js\chunk-3208f484.f07df3b8.js        13.56 KiB        4.55 KiB
  dist\monaco-editor\min\vs\basic-langua    13.49 KiB        4.61 KiB
  ges\pgsql\pgsql.js
  dist\js\chunk-070db690.1dfa3849.js        13.31 KiB        4.17 KiB
  dist\js\chunk-851e9064.1df2d371.js        13.24 KiB        4.03 KiB
  dist\js\chunk-3e86dc02.70b22a7c.js        13.17 KiB        3.90 KiB
  dist\js\chunk-2d0b6187.000618cd.js        13.12 KiB        4.44 KiB
  dist\js\chunk-15efa5d0.fa756b2e.js        13.11 KiB        3.35 KiB
  dist\js\chunk-936ee4c0.e7eb6600.js        13.05 KiB        4.27 KiB
  dist\js\chunk-13848c2c.c5f28d33.js        12.76 KiB        3.40 KiB
  dist\js\chunk-34f2d37e.ec5ffe59.js        12.66 KiB        4.38 KiB
  dist\static\ietmeditor\CodeMirror\mode    12.58 KiB        3.13 KiB
  \xml\xml.js
  dist\js\chunk-27e41508.497de9ca.js        12.34 KiB        4.51 KiB
  dist\js\chunk-50bba626.21d58d18.js        12.18 KiB        3.87 KiB
  dist\js\chunk-23c1ef08.ba4ad10b.js        12.13 KiB        4.02 KiB
  dist\js\chunk-f425e176.0f040761.js        11.97 KiB        4.05 KiB
  dist\monaco-editor\min\vs\basic-langua    11.92 KiB        4.45 KiB
  ges\redshift\redshift.js
  dist\static\ietmeditor\CodeMirror\addo    11.69 KiB        2.94 KiB
  n\search\searchcursor.js
  dist\js\chunk-746e09c3.1763d85a.js        11.54 KiB        4.28 KiB
  dist\js\chunk-71121512.f27c8ee0.js        11.41 KiB        6.13 KiB
  dist\js\chunk-02ffcfae.f1cbfe01.js        11.40 KiB        3.54 KiB
  dist\tinymce\langs\zh_CN.js               11.25 KiB        3.94 KiB
  dist\js\chunk-76980e03.db9a4c7e.js        11.24 KiB        3.34 KiB
  dist\js\chunk-7a7156c0.c88b9045.js        11.22 KiB        3.62 KiB
  dist\js\chunk-7904e05f.9e4121d0.js        11.21 KiB        3.77 KiB
  dist\js\chunk-697bdbfe.a2fc9188.js        11.15 KiB        3.56 KiB
  dist\static\ietmeditor\CodeMirror\addo    11.08 KiB        3.13 KiB
  n\search\search.js
  dist\static\ietmeditor\CodeMirror\addo    11.08 KiB        3.40 KiB
  n\hint\html-hint.js
  dist\static\ietmeditor\util\jquery.for    10.84 KiB        3.29 KiB
  mat.js
  dist\js\chunk-3eac0f59.73128e7d.js        10.81 KiB        3.43 KiB
  dist\js\chunk-986582ea.3f1cb8a0.js        10.67 KiB        3.52 KiB
  dist\js\chunk-4096990e.376ce418.js        10.66 KiB        3.28 KiB
  dist\js\chunk-7ad667c8.fb4a5003.js        10.50 KiB        3.15 KiB
  dist\monaco-editor\min\vs\basic-langua    10.48 KiB        3.93 KiB
  ges\mysql\mysql.js
  dist\monaco-editor\min\vs\basic-langua    10.45 KiB        4.01 KiB
  ges\sql\sql.js
  dist\js\chunk-d11a6306.c09c6270.js        10.43 KiB        2.59 KiB
  dist\js\chunk-035bd87c.7b0efb5c.js        10.40 KiB        3.58 KiB
  dist\js\chunk-6bea9456.27cdaf97.js        10.40 KiB        2.56 KiB
  dist\js\chunk-60bf5275.fdf9fdbb.js        10.35 KiB        3.46 KiB
  dist\js\chunk-2d20f745.e26951d8.js        10.10 KiB        3.74 KiB
  dist\js\chunk-2d0ae937.2ac1b229.js        10.08 KiB        3.81 KiB
  dist\js\chunk-d0d6577c.eec7394e.js        10.05 KiB        3.55 KiB
  dist\js\chunk-76c152d1.ff3a91d6.js        10.00 KiB        3.13 KiB
  dist\js\chunk-c82a91e6.93861347.js        9.97 KiB         3.42 KiB
  dist\js\chunk-9023ac98.748ca9a4.js        9.95 KiB         3.31 KiB
  dist\js\chunk-47147aed.f87621df.js        9.90 KiB         3.28 KiB
  dist\js\chunk-965aecb2.66bc3366.js        9.87 KiB         3.30 KiB
  dist\monaco-editor\min\vs\basic-langua    9.87 KiB         2.64 KiB
  ges\elixir\elixir.js
  dist\monaco-editor\min\vs\basic-langua    9.82 KiB         3.76 KiB
  ges\clojure\clojure.js
  dist\js\chunk-44377af7.68fd1d98.js        9.69 KiB         3.27 KiB
  dist\js\chunk-57bb7720.ccdbe551.js        9.61 KiB         3.16 KiB
  dist\js\chunk-2d0e5b34.b4c40fbb.js        9.49 KiB         2.47 KiB
  dist\js\chunk-2d0a3577.6d5c67de.js        9.45 KiB         3.59 KiB
  dist\static\ietmeditor\CodeMirror\addo    9.33 KiB         2.68 KiB
  n\hint\sql-hint.js
  dist\monaco-editor\min\vs\basic-langua    9.19 KiB         2.24 KiB
  ges\protobuf\protobuf.js
  dist\js\chunk-7854b3bd.48c9fbb4.js        9.13 KiB         2.89 KiB
  dist\v2.js                                9.08 KiB         3.45 KiB
  dist\js\chunk-7c303f9a.08890e4c.js        9.06 KiB         2.59 KiB
  dist\static\ietmeditor\CodeMirror\addo    9.01 KiB         2.97 KiB
  n\hint\xml-hint.js
  dist\js\chunk-40d35aa4.dc7286aa.js        8.86 KiB         3.29 KiB
  dist\js\chunk-acf0bcce.bdd307c4.js        8.83 KiB         3.29 KiB
  dist\js\chunk-2d208bdf.8a34094c.js        8.82 KiB         2.07 KiB
  dist\js\chunk-2d21e413.b2106198.js        8.77 KiB         3.07 KiB
  dist\monaco-editor\min\vs\basic-langua    8.71 KiB         2.74 KiB
  ges\ruby\ruby.js
  dist\monaco-editor\min\vs\basic-langua    8.67 KiB         2.28 KiB
  ges\razor\razor.js
  dist\monaco-editor\min\vs\basic-langua    8.46 KiB         3.29 KiB
  ges\perl\perl.js
  dist\js\chunk-ccbb88aa.6f98a4a5.js        8.44 KiB         2.88 KiB
  dist\js\chunk-ddaa6350.ce389dab.js        8.44 KiB         2.66 KiB
  dist\js\chunk-9a58e340.0df9f8e7.js        8.41 KiB         2.91 KiB
  dist\js\chunk-2d2295e9.830cc899.js        8.33 KiB         2.56 KiB
  dist\js\chunk-25b042f8.284f7927.js        8.33 KiB         2.82 KiB
  dist\js\chunk-0b713890.e5cbf80e.js        8.28 KiB         2.88 KiB
  dist\js\chunk-2d0abc00.1cfe34f2.js        8.26 KiB         2.09 KiB
  dist\js\chunk-322cff99.67398723.js        8.25 KiB         2.16 KiB
  dist\monaco-editor\min\vs\basic-langua    8.24 KiB         2.25 KiB
  ges\php\php.js
  dist\js\chunk-9740a9e4.52bbeddd.js        8.22 KiB         2.71 KiB
  dist\js\chunk-289539c8.e5a84c22.js        8.18 KiB         2.97 KiB
  dist\js\chunk-2d20924a.7c7fee5b.js        8.14 KiB         2.43 KiB
  dist\js\chunk-2d0e5b73.c6a37721.js        8.13 KiB         3.11 KiB
  dist\js\chunk-515b7eae.8536db2c.js        8.12 KiB         2.89 KiB
  dist\js\chunk-4e198e7c.d4752b43.js        8.10 KiB         3.01 KiB
  dist\js\chunk-2d0c0494.ca25b486.js        8.09 KiB         3.11 KiB
  dist\monaco-editor\min\vs\basic-langua    8.08 KiB         2.61 KiB
  ges\postiats\postiats.js
  dist\js\chunk-98a97c06.8577d16b.js        8.07 KiB         2.74 KiB
  dist\js\chunk-03052987.c5718c0d.js        8.07 KiB         3.16 KiB
  dist\js\chunk-259eace8.5a88571e.js        8.05 KiB         2.68 KiB
  dist\js\chunk-2df27428.f3e05701.js        7.98 KiB         2.18 KiB
  dist\js\chunk-0568f6a4.a7c29492.js        7.97 KiB         3.11 KiB
  dist\js\chunk-d4f90e94.1f549690.js        7.97 KiB         2.78 KiB
  dist\js\chunk-2d0e57ec.80d90699.js        7.87 KiB         2.08 KiB
  dist\monaco-editor\min\vs\basic-langua    7.84 KiB         2.92 KiB
  ges\systemverilog\systemverilog.js
  dist\static\ietmeditor\CodeMirror\addo    7.82 KiB         2.56 KiB
  n\edit\closetag.js
  dist\js\chunk-46d44fee.f9af8ae4.js        7.81 KiB         2.76 KiB
  dist\js\chunk-bd53669c.965a6305.js        7.77 KiB         2.70 KiB
  dist\static\ietmeditor\res\notations.j    7.74 KiB         1.49 KiB
  s
  dist\js\chunk-457598da.e4502203.js        7.72 KiB         2.92 KiB
  dist\js\chunk-2d0cf16e.cc4c0106.js        7.70 KiB         2.44 KiB
  dist\js\chunk-16aeba2b.31be1afd.js        7.62 KiB         2.96 KiB
  dist\monaco-editor\min\vs\basic-langua    7.61 KiB         2.40 KiB
  ges\st\st.js
  dist\monaco-editor\min\vs\basic-langua    7.55 KiB         2.27 KiB
  ges\scala\scala.js
  dist\js\chunk-2d22d824.ead38b1c.js        7.51 KiB         2.51 KiB
  dist\js\chunk-2d0a40c8.c6fcb054.js        7.45 KiB         2.74 KiB
  dist\monaco-editor\min\vs\basic-langua    7.38 KiB         2.82 KiB
  ges\julia\julia.js
  dist\js\chunk-5148920d.423b0e4c.js        7.33 KiB         2.66 KiB
  dist\js\chunk-3251c558.f0293156.js        7.30 KiB         2.49 KiB
  dist\test-modal-audit.js                  7.26 KiB         2.51 KiB
  dist\js\chunk-e01e404a.94d2a459.js        7.25 KiB         2.25 KiB
  dist\js\chunk-2d2138c7.dc9ba038.js        7.24 KiB         2.23 KiB
  dist\js\chunk-f708bbbc.7a697846.js        7.19 KiB         2.53 KiB
  dist\js\chunk-2d0c86e3.c913a390.js        7.18 KiB         2.10 KiB
  dist\js\chunk-e42d300a.c584a1a2.js        7.16 KiB         2.79 KiB
  dist\js\chunk-3a177310.06c480ac.js        7.15 KiB         2.34 KiB
  dist\js\chunk-2d0b722e.1001ca69.js        7.07 KiB         2.45 KiB
  dist\js\chunk-24e03b68.0c04bd75.js        7.04 KiB         2.61 KiB
  dist\js\chunk-2d0e4fe5.e7382992.js        7.01 KiB         2.64 KiB
  dist\js\chunk-77006a64.6c3ad678.js        6.99 KiB         2.43 KiB
  dist\js\chunk-36dbe6e4.330fdbc1.js        6.99 KiB         2.51 KiB
  dist\js\chunk-98cba318.60288856.js        6.78 KiB         2.09 KiB
  dist\static\ietmeditor\CodeMirror\addo    6.74 KiB         1.93 KiB
  n\edit\closebrackets.js
  dist\js\chunk-f1cd2b70.1dc3cc56.js        6.74 KiB         2.21 KiB
  dist\js\chunk-5580da4a.dabfdfab.js        6.72 KiB         2.35 KiB
  dist\js\chunk-2d21a5d3.59651da7.js        6.72 KiB         2.88 KiB
  dist\monaco-editor\min\vs\basic-langua    6.71 KiB         1.61 KiB
  ges\handlebars\handlebars.js
  dist\monaco-editor\min\vs\basic-langua    6.66 KiB         1.93 KiB
  ges\scss\scss.js
  dist\static\ietmeditor\CodeMirror\addo    6.54 KiB         1.88 KiB
  n\fold\xml-fold.js
  dist\js\chunk-3a5403df.c9ee7f91.js        6.53 KiB         2.09 KiB
  dist\js\chunk-73e7e75c.254f51d4.js        6.51 KiB         2.29 KiB
  dist\js\chunk-68b81eec.5576fb77.js        6.49 KiB         2.44 KiB
  dist\js\chunk-63ef3ed2.3ea5931e.js        6.42 KiB         2.06 KiB
  dist\static\ietmeditor\CodeMirror\addo    6.42 KiB         2.21 KiB
  n\hint\javascript-hint.js
  dist\js\chunk-2d0e9bb1.8b97fbae.js        6.38 KiB         1.69 KiB
  dist\js\chunk-7f78b090.edcf3173.js        6.36 KiB         2.18 KiB
  dist\static\ietmeditor\_Designer\_Part    6.34 KiB         1.86 KiB
  \IetmEditorDesignerDatagrid.js
  dist\monaco-editor\min\vs\basic-langua    6.30 KiB         2.27 KiB
  ges\javascript\javascript.js
  dist\js\chunk-2d0c46d1.c199c5cb.js        6.30 KiB         1.42 KiB
  dist\js\chunk-7473f312.b765a05e.js        6.29 KiB         1.75 KiB
  dist\monaco-editor\min\vs\basic-langua    6.24 KiB         1.72 KiB
  ges\twig\twig.js
  dist\js\chunk-71426bc4.f2efaab7.js        6.21 KiB         2.16 KiB
  dist\static\ietmeditor\util\commonz.js    6.20 KiB         2.62 KiB
  dist\js\chunk-2d0c1aed.268fb405.js        6.20 KiB         1.78 KiB
  dist\static\ietmeditor\CodeMirror\addo    6.11 KiB         2.15 KiB
  n\edit\matchbrackets.js
  dist\monaco-editor\min\vs\basic-langua    6.05 KiB         2.24 KiB
  ges\vb\vb.js
  dist\static\ietmeditor\CodeMirror\addo    5.89 KiB         1.99 KiB
  n\search\match-highlighter.js
  dist\js\chunk-2d213d14.8d8e9429.js        5.88 KiB         2.34 KiB
  dist\js\chunk-2d0f0a11.d4d16b58.js        5.87 KiB         1.54 KiB
  dist\js\chunk-2e202db4.fa1cdb5c.js        5.86 KiB         1.76 KiB
  dist\js\chunk-7532b3ea.36f52f48.js        5.85 KiB         2.08 KiB
  dist\monaco-editor\min\vs\basic-langua    5.72 KiB         2.30 KiB
  ges\cpp\cpp.js
  dist\js\chunk-1a8e101b.913074c4.js        5.71 KiB         1.66 KiB
  dist\js\chunk-2d0d7e63.29226555.js        5.68 KiB         2.06 KiB
  dist\js\chunk-2d22975b.7938185e.js        5.65 KiB         2.07 KiB
  dist\js\chunk-0d2a12be.7b3a77ba.js        5.63 KiB         2.18 KiB
  dist\monaco-editor\min\vs\basic-langua    5.62 KiB         2.40 KiB
  ges\ecl\ecl.js
  dist\js\chunk-2d225d87.4b2ce451.js        5.56 KiB         1.75 KiB
  dist\js\chunk-1a3b2eec.1db72434.js        5.44 KiB         1.92 KiB
  dist\js\chunk-2d2165c9.9fe5fffe.js        5.42 KiB         1.87 KiB
  dist\js\chunk-746885fd.8e02e384.js        5.41 KiB         2.01 KiB
  dist\js\chunk-2d0e22d6.398194cf.js        5.35 KiB         2.13 KiB
  dist\monaco-editor\min\vs\basic-langua    5.35 KiB         2.13 KiB
  ges\typescript\typescript.js
  dist\static\ietmeditor\CodeMirror\addo    5.33 KiB         1.63 KiB
  n\scroll\simplescrollbars.js
  dist\js\chunk-2d237cb5.36a2f0bf.js        5.31 KiB         1.77 KiB
  dist\js\chunk-2d0d7217.4e6d7a62.js        5.29 KiB         1.81 KiB
  dist\js\chunk-74855a64.dc14e45f.js        5.25 KiB         2.24 KiB
  dist\js\chunk-e7420cdc.b29f7811.js        5.24 KiB         1.90 KiB
  dist\js\chunk-64ea1b29.15d55747.js        5.21 KiB         2.29 KiB
  dist\monaco-editor\min\vs\basic-langua    5.20 KiB         2.15 KiB
  ges\msdax\msdax.js
  dist\monaco-editor\min\vs\basic-langua    5.11 KiB         1.83 KiB
  ges\pug\pug.js
  dist\js\chunk-2d0f1526.197f7862.js        5.08 KiB         1.87 KiB
  dist\js\chunk-877b5a06.a5b0d50e.js        5.06 KiB         2.22 KiB
  dist\js\chunk-2f500140.c7e4d819.js        5.05 KiB         2.10 KiB
  dist\js\chunk-68f1317b.7f40ca64.js        5.02 KiB         2.22 KiB
  dist\js\chunk-3cb088f8.fd40b305.js        5.00 KiB         2.03 KiB
  dist\js\chunk-2d0f043e.0aeeb380.js        4.96 KiB         1.86 KiB
  dist\js\chunk-012368b6.fcedfae6.js        4.96 KiB         2.06 KiB
  dist\js\chunk-2d238446.7a37d9ba.js        4.94 KiB         2.06 KiB
  dist\js\chunk-2d22ca58.d17034a3.js        4.92 KiB         1.95 KiB
  dist\js\chunk-6acfa123.e80a1df7.js        4.89 KiB         2.24 KiB
  dist\js\chunk-c89f2f6c.0d1b5f9d.js        4.87 KiB         1.89 KiB
  dist\js\chunk-e133d1a6.85f7fceb.js        4.87 KiB         2.01 KiB
  dist\monaco-editor\min\vs\basic-langua    4.83 KiB         1.38 KiB
  ges\html\html.js
  dist\js\chunk-2d22c171.ae96f0b6.js        4.82 KiB         1.96 KiB
  dist\monaco-editor\min\vs\basic-langua    4.82 KiB         1.91 KiB
  ges\csharp\csharp.js
  dist\static\ietmeditor\CodeMirror\addo    4.82 KiB         1.49 KiB
  n\dialog\dialog.js
  dist\monaco-editor\min\vs\basic-langua    4.80 KiB         1.57 KiB
  ges\css\css.js
  dist\js\chunk-2d0cbac2.407dbe04.js        4.79 KiB         2.17 KiB
  dist\js\chunk-2d0b2762.668d64e2.js        4.74 KiB         1.66 KiB
  dist\js\chunk-2d0df7f6.db5ec450.js        4.74 KiB         1.54 KiB
  dist\static\ietmeditor\CodeMirror\addo    4.74 KiB         1.55 KiB
  n\fold\foldcode.js
  dist\js\chunk-2d0a3d24.66aaf238.js        4.74 KiB         2.06 KiB
  dist\js\chunk-fe163256.a278652c.js        4.68 KiB         1.83 KiB
  dist\monaco-editor\min\vs\basic-langua    4.65 KiB         1.90 KiB
  ges\swift\swift.js
  dist\js\chunk-2d0d01f4.677e1db7.js        4.62 KiB         1.74 KiB
  dist\static\ietmeditor\CodeMirror\addo    4.61 KiB         1.41 KiB
  n\fold\foldgutter.js
  dist\js\chunk-fe7bffda.f2a574aa.js        4.60 KiB         1.99 KiB
  dist\js\chunk-598e40e9.bd37958b.js        4.58 KiB         1.93 KiB
  dist\test-brexdmref-check.js              4.57 KiB         1.61 KiB
  dist\monaco-editor\min\vs\basic-langua    4.55 KiB         1.84 KiB
  ges\dart\dart.js
  dist\js\chunk-2d0e4ecc.94aa4a7d.js        4.55 KiB         1.54 KiB
  dist\js\chunk-3e50ff42.91ac61b6.js        4.51 KiB         1.86 KiB
  dist\js\chunk-2d23019d.cc27a27a.js        4.49 KiB         1.87 KiB
  dist\monaco-editor\min\vs\basic-langua    4.46 KiB         2.01 KiB
  ges\rust\rust.js
  dist\js\chunk-74d274d1.114c4275.js        4.45 KiB         1.31 KiB
  dist\js\chunk-2d237ee7.9b271433.js        4.45 KiB         1.73 KiB
  dist\js\chunk-2d21b84a.912fc302.js        4.43 KiB         1.39 KiB
  dist\js\chunk-2d0c0c28.53a48d31.js        4.43 KiB         1.53 KiB
  dist\js\chunk-2d20ff23.91e03d4c.js        4.42 KiB         1.19 KiB
  dist\js\chunk-2d0c4e25.1f3d7360.js        4.42 KiB         2.04 KiB
  dist\js\chunk-2d0be29d.f8600d3d.js        4.39 KiB         1.69 KiB
  dist\js\chunk-b124276a.529aa424.js        4.37 KiB         1.82 KiB
  dist\js\chunk-41508c02.9e52b1aa.js        4.37 KiB         1.86 KiB
  dist\static\ietmeditor\CodeMirror\addo    4.34 KiB         1.52 KiB
  n\scroll\annotatescrollbar.js
  dist\js\chunk-d87d8f30.f2acd5a4.js        4.33 KiB         1.67 KiB
  dist\js\chunk-2d2107ed.c906ddfc.js        4.31 KiB         1.65 KiB
  dist\monaco-editor\min\vs\basic-langua    4.28 KiB         1.95 KiB
  ges\apex\apex.js
  dist\js\chunk-2d21dcd2.0a8b4b99.js        4.28 KiB         1.76 KiB
  dist\js\chunk-745ae736.9002dc77.js        4.24 KiB         1.41 KiB
  dist\monaco-editor\min\vs\basic-langua    4.24 KiB         1.58 KiB
  ges\restructuredtext\restructuredtext.
  js
  dist\js\chunk-25b10da4.bea51d13.js        4.23 KiB         1.61 KiB
  dist\monaco-editor\min\vs\basic-langua    4.21 KiB         1.61 KiB
  ges\less\less.js
  dist\js\chunk-2d0de971.b6e1ddc0.js        4.18 KiB         1.66 KiB
  dist\js\chunk-0b992f22.e11bd26e.js        4.17 KiB         1.84 KiB
  dist\static\ietmeditor\res\jquery-easy    4.15 KiB         1.31 KiB
  ui-ribbon\jquery.ribbon.js
  dist\js\chunk-2d213024.0bcb8354.js        4.13 KiB         1.24 KiB
  dist\monaco-editor\min\vs\basic-langua    4.11 KiB         1.58 KiB
  ges\markdown\markdown.js
  dist\js\chunk-2d238465.04d04605.js        4.09 KiB         1.83 KiB
  dist\js\chunk-2d0cf511.8a3a9034.js        4.03 KiB         1.55 KiB
  dist\js\chunk-411f668f.23a9fefa.js        4.01 KiB         1.17 KiB
  dist\js\chunk-f7130340.f47f606e.js        4.00 KiB         1.63 KiB
  dist\js\chunk-2d0d70c6.02e9619d.js        3.99 KiB         1.47 KiB
  dist\js\chunk-5a06ea50.573b9476.js        3.98 KiB         1.75 KiB
  dist\monaco-editor\min\vs\basic-langua    3.96 KiB         1.65 KiB
  ges\liquid\liquid.js
  dist\js\chunk-2d0d056d.0ba1c723.js        3.92 KiB         1.77 KiB
  dist\monaco-editor\min\vs\basic-langua    3.91 KiB         1.50 KiB
  ges\coffee\coffee.js
  dist\monaco-editor\min\vs\basic-langua    3.90 KiB         1.68 KiB
  ges\hcl\hcl.js
  dist\js\chunk-09b939f2.d353a3c8.js        3.89 KiB         1.60 KiB
  dist\monaco-editor\min\vs\basic-langua    3.89 KiB         1.56 KiB
  ges\tcl\tcl.js
  dist\monaco-editor\min\vs\basic-langua    3.88 KiB         1.68 KiB
  ges\redis\redis.js
  dist\js\chunk-2d0e1b62.93274bda.js        3.87 KiB         1.39 KiB
  dist\monaco-editor\min\vs\basic-langua    3.86 KiB         1.43 KiB
  ges\yaml\yaml.js
  dist\static\ietmeditor\CodeMirror\addo    3.85 KiB         1.26 KiB
  n\fold\brace-fold.js
  dist\js\chunk-2d0bdf38.5f16d45a.js        3.84 KiB         1.39 KiB
  dist\js\chunk-14157ab4.effedd64.js        3.84 KiB         1.48 KiB
  dist\js\chunk-2d0bb267.7a28f6da.js        3.83 KiB         1.43 KiB
  dist\js\chunk-2d216d93.ba954352.js        3.82 KiB         1.55 KiB
  dist\js\chunk-2d21abe5.609c08e3.js        3.80 KiB         1.13 KiB
  dist\js\chunk-4a7b3597.491107d0.js        3.79 KiB         1.71 KiB
  dist\js\chunk-5ba41c0a.4fe23e36.js        3.78 KiB         1.34 KiB
  dist\monaco-editor\min\vs\basic-langua    3.76 KiB         1.67 KiB
  ges\kotlin\kotlin.js
  dist\js\chunk-4a211010.bcfda9d5.js        3.76 KiB         1.70 KiB
  dist\static\ietmeditor\CodeMirror\addo    3.76 KiB         1.25 KiB
  n\selection\mark-selection.js
  dist\js\chunk-2d0a484b.3392a2b5.js        3.74 KiB         1.54 KiB
  dist\js\chunk-2d0c512b.1b5560d9.js        3.73 KiB         1.40 KiB
  dist\static\ietmeditor\CodeMirror\addo    3.72 KiB         1.22 KiB
  n\search\matchesonscrollbar.js
  dist\js\chunk-329b0102.3d60591b.js        3.70 KiB         1.76 KiB
  dist\js\chunk-2d217e2b.f13dc87d.js        3.70 KiB         1.37 KiB
  dist\js\chunk-30c74116.8c012902.js        3.65 KiB         1.43 KiB
  dist\js\chunk-30c913cb.c8addb72.js        3.65 KiB         1.43 KiB
  dist\monaco-editor\min\vs\basic-langua    3.60 KiB         1.57 KiB
  ges\powershell\powershell.js
  dist\monaco-editor\min\vs\basic-langua    3.58 KiB         1.56 KiB
  ges\python\python.js
  dist\fix-refs-structure.js                3.57 KiB         1.38 KiB
  dist\js\chunk-2d0b1fd5.6df67aab.js        3.55 KiB         1.46 KiB
  dist\js\chunk-2d22c324.7d6ba283.js        3.55 KiB         1.55 KiB
  dist\monaco-editor\min\vs\basic-langua    3.55 KiB         1.60 KiB
  ges\java\java.js
  dist\js\chunk-2d212c43.667f13d2.js        3.54 KiB         1.31 KiB
  dist\js\chunk-2d0dd42f.b0fa6d4b.js        3.54 KiB         1.29 KiB
  dist\js\chunk-2d0a3196.5d7d23e0.js        3.54 KiB         1.50 KiB
  dist\js\chunk-2d21f327.4757629e.js        3.53 KiB         1.31 KiB
  dist\js\chunk-2d216f3b.2af43e2b.js        3.51 KiB         1.38 KiB
  dist\js\chunk-4ba219c9.62ed4d68.js        3.51 KiB         1.52 KiB
  dist\js\chunk-2d0ea098.74644833.js        3.50 KiB         1.50 KiB
  dist\js\chunk-2d0aab07.f2fa42d9.js        3.49 KiB         1.25 KiB
  dist\static\ietmeditor\CodeMirror\addo    3.46 KiB         1.32 KiB
  n\edit\continuelist.js
  dist\monaco-editor\min\vs\basic-langua    3.45 KiB         1.47 KiB
  ges\r\r.js
  dist\js\chunk-17359b1f.61b9629b.js        3.45 KiB         1.27 KiB
  dist\js\chunk-2d221814.bc30a708.js        3.39 KiB         1.49 KiB
  dist\monaco-editor\min\vs\basic-langua    3.33 KiB         1.58 KiB
  ges\pascal\pascal.js
  dist\monaco-editor\min\vs\basic-langua    3.32 KiB         1.51 KiB
  ges\fsharp\fsharp.js
  dist\js\chunk-2d0c1d91.3fb26ee3.js        3.27 KiB         1.36 KiB
  dist\monaco-editor\min\vs\basic-langua    3.26 KiB         1.55 KiB
  ges\qsharp\qsharp.js
  dist\monaco-editor\min\vs\basic-langua    3.26 KiB         1.35 KiB
  ges\shell\shell.js
  dist\js\chunk-34390ece.7f22ce8b.js        3.26 KiB         1.57 KiB
  dist\js\chunk-2d0da3ec.22048799.js        3.23 KiB         1.29 KiB
  dist\js\chunk-2d208ac5.bb40d7b1.js        3.22 KiB         1.39 KiB
  dist\static\ietmeditor\CodeMirror\addo    3.21 KiB         1.03 KiB
  n\selection\selection-pointer.js
  dist\js\chunk-2d225006.e2611dce.js        3.20 KiB         1.40 KiB
  dist\js\chunk-2d22c2b8.e66c100c.js        3.18 KiB         1.37 KiB
  dist\js\chunk-2d0c1d57.dd3cb6d8.js        3.18 KiB         1.29 KiB
  dist\js\chunk-2d0a43df.da0e815b.js        3.17 KiB         1.42 KiB
  dist\js\chunk-2d229a09.d5dc046e.js        3.17 KiB         1.34 KiB
  dist\js\chunk-2d0e8c5b.f0e33772.js        3.15 KiB         1.20 KiB
  dist\monaco-editor\min\vs\basic-langua    3.15 KiB         1.52 KiB
  ges\m3\m3.js
  dist\monaco-editor\min\vs\basic-langua    3.10 KiB         1.40 KiB
  ges\sophia\sophia.js
  dist\js\chunk-2d20770e.7a5fe79b.js        3.09 KiB         1.29 KiB
  dist\js\chunk-2d0c0a09.0f59a79a.js        3.09 KiB         1.30 KiB
  dist\js\oauth2-app.login.95c96fad.js      3.05 KiB         1.43 KiB
  dist\js\chunk-2d21b2d8.bce24cd4.js        3.04 KiB         1.16 KiB
  dist\js\chunk-2d229225.d3925268.js        3.02 KiB         1.30 KiB
  dist\js\chunk-2d0c230b.5505034e.js        3.00 KiB         1.42 KiB
  dist\monaco-editor\min\vs\basic-langua    2.99 KiB         1.34 KiB
  ges\go\go.js
  dist\js\chunk-2d0bce7e.720520cb.js        2.97 KiB         1.29 KiB
  dist\js\chunk-2d0e6c86.c2a21c36.js        2.95 KiB         1.42 KiB
  dist\js\chunk-2d221a34.8b735d87.js        2.94 KiB         1.33 KiB
  dist\monaco-editor\min\vs\basic-langua    2.92 KiB         1.27 KiB
  ges\mips\mips.js
  dist\monaco-editor\min\vs\basic-langua    2.90 KiB         1.35 KiB
  ges\sparql\sparql.js
  dist\js\chunk-2d0e6553.81e672a2.js        2.89 KiB         1.17 KiB
  dist\js\chunk-a87093c6.8e0032fa.js        2.89 KiB         1.33 KiB
  dist\js\chunk-2d21ab79.50a05c09.js        2.88 KiB         1.37 KiB
  dist\js\chunk-2d0e97ef.a04f6d4c.js        2.87 KiB         1.22 KiB
  dist\js\chunk-2d0a3cbb.d67b2714.js        2.85 KiB         1.28 KiB
  dist\monaco-editor\min\vs\basic-langua    2.84 KiB         1.13 KiB
  ges\bicep\bicep.js
  dist\js\chunk-2d0dec69.446d83d4.js        2.83 KiB         1.11 KiB
  dist\js\chunk-2d22948d.068e4556.js        2.79 KiB         1.44 KiB
  dist\js\chunk-2d0a3776.3fa86660.js        2.78 KiB         1.07 KiB
  dist\monaco-editor\min\vs\basic-langua    2.78 KiB         1.12 KiB
  ges\lexon\lexon.js
  dist\js\chunk-2d0c4a95.ad9eff5a.js        2.78 KiB         1.34 KiB
  dist\js\chunk-d48122ca.096ec2f4.js        2.77 KiB         1.28 KiB
  dist\monaco-editor\min\vs\basic-langua    2.76 KiB         1.25 KiB
  ges\objective-c\objective-c.js
  dist\js\chunk-2d0d61fd.713e190c.js        2.73 KiB         1.22 KiB
  dist\js\chunk-2d0c93b7.e106ad19.js        2.72 KiB         1.08 KiB
  dist\js\chunk-2d22cc26.7aa2a7c9.js        2.71 KiB         1.06 KiB
  dist\js\chunk-7d295430.68cea753.js        2.70 KiB         1.24 KiB
  dist\js\chunk-628a3277.4e90e06f.js        2.63 KiB         1.22 KiB
  dist\js\chunk-2d0e542a.c040b2a2.js        2.62 KiB         1.17 KiB
  dist\js\chunk-2d0df024.e8816361.js        2.62 KiB         1.36 KiB
  dist\monaco-editor\min\vs\basic-langua    2.61 KiB         1.22 KiB
  ges\graphql\graphql.js
  dist\js\chunk-493b284c.58a9f7d5.js        2.61 KiB         1.21 KiB
  dist\js\chunk-c410453a.4f34c408.js        2.61 KiB         1.21 KiB
  dist\js\chunk-9a42303e.01d6095a.js        2.60 KiB         1.35 KiB
  dist\js\chunk-1dbb67e9.2f84faa9.js        2.57 KiB         1.23 KiB
  dist\js\chunk-2d0af08c.f4bcdd09.js        2.55 KiB         1.10 KiB
  dist\monaco-editor\min\vs\basic-langua    2.54 KiB         1.16 KiB
  ges\cameligo\cameligo.js
  dist\js\chunk-2d0a4bbf.5c166df0.js        2.52 KiB         0.99 KiB
  dist\js\chunk-2d0b21d7.b25e0e5a.js        2.52 KiB         1.18 KiB
  dist\monaco-editor\min\vs\basic-langua    2.47 KiB         1.13 KiB
  ges\lua\lua.js
  dist\js\chunk-c56490e4.e137239a.js        2.46 KiB         1.05 KiB
  dist\static\ietmeditor\CodeMirror\addo    2.45 KiB         0.87 KiB
  n\selection\active-line.js
  dist\monaco-editor\min\vs\basic-langua    2.44 KiB         0.97 KiB
  ges\xml\xml.js
  dist\js\chunk-2d0b9b65.947c0424.js        2.43 KiB         0.98 KiB
  dist\js\chunk-323d65cd.9370bd6a.js        2.43 KiB         1.26 KiB
  dist\js\chunk-2d0c45fa.69cc261d.js        2.42 KiB         1.16 KiB
  dist\js\chunk-2d0dda4e.d2463530.js        2.41 KiB         0.95 KiB
  dist\js\chunk-2d21dfe7.dce8e1a5.js        2.38 KiB         1.17 KiB
  dist\js\chunk-2d0e1fbe.bc4848c0.js        2.38 KiB         1.08 KiB
  dist\test-doctype-position.js             2.37 KiB         1.11 KiB
  dist\monaco-editor\min\vs\basic-langua    2.36 KiB         1.11 KiB
  ges\pascaligo\pascaligo.js
  dist\js\chunk-2d0cca01.24d4713b.js        2.36 KiB         1.06 KiB
  dist\js\chunk-2d0cfe94.e15ab82d.js        2.34 KiB         1.16 KiB
  dist\js\chunk-5587aff8.57f1dd6f.js        2.32 KiB         1.03 KiB
  dist\js\chunk-2d0b1e33.abc98986.js        2.32 KiB         1.15 KiB
  dist\static\ietmeditor\CodeMirror\addo    2.30 KiB         0.85 KiB
  n\edit\matchtags.js
  dist\js\chunk-2d0a3c6b.60b4517b.js        2.25 KiB         1.12 KiB
  dist\monaco-editor\min\vs\basic-langua    2.24 KiB         0.88 KiB
  ges\dockerfile\dockerfile.js
  dist\js\chunk-2d0aa90c.2f898dee.js        2.24 KiB         1.05 KiB
  dist\js\chunk-ac448f1a.fe9a1ac2.js        2.23 KiB         0.91 KiB
  dist\js\chunk-2d0e629b.2010db9a.js        2.20 KiB         0.99 KiB
  dist\monaco-editor\min\vs\basic-langua    2.20 KiB         1.06 KiB
  ges\bat\bat.js
  dist\js\chunk-2d231584.3d3674cf.js        2.20 KiB         1.18 KiB
  dist\monaco-editor\min\vs\basic-langua    2.18 KiB         1.03 KiB
  ges\sb\sb.js
  dist\monaco-editor\min\vs\basic-langua    2.17 KiB         1.05 KiB
  ges\flow9\flow9.js
  dist\js\chunk-2d229411.dff6af9f.js        2.16 KiB         0.98 KiB
  dist\static\ietmeditor\res\designer_se    2.16 KiB         0.61 KiB
  tt.js
  dist\js\chunk-2d0ddfd0.5f4f349f.js        2.13 KiB         1.15 KiB
  dist\monaco-editor\min\vs\basic-langua    2.13 KiB         1.02 KiB
  ges\scheme\scheme.js
  dist\js\chunk-cc203c6c.7179af6c.js        2.12 KiB         1.15 KiB
  dist\js\chunk-2d238425.f87a54ab.js        2.12 KiB         1.02 KiB
  dist\static\ietmeditor\CodeMirror\addo    2.11 KiB         0.89 KiB
  n\hint\css-hint.js
  dist\static\ietmeditor\CodeMirror\addo    2.11 KiB         0.87 KiB
  n\fold\comment-fold.js
  dist\js\chunk-2d217e5b.28252d6b.js        2.10 KiB         0.95 KiB
  dist\js\chunk-8ed57444.7081af26.js        2.10 KiB         1.11 KiB
  dist\js\chunk-53ce05ac.441db5a5.js        2.08 KiB         0.91 KiB
  dist\monaco-editor\min\vs\basic-langua    2.04 KiB         0.85 KiB
  ges\pla\pla.js
  dist\js\chunk-2d0d0645.66bfaccf.js        2.04 KiB         0.79 KiB
  dist\js\chunk-a7306078.ee0063e1.js        2.02 KiB         1.25 KiB
  dist\js\chunk-58f6ab40.5123e3c2.js        1.98 KiB         0.92 KiB
  dist\js\chunk-2d221799.9b4fc2e6.js        1.98 KiB         0.93 KiB
  dist\static\ietmeditor\CodeMirror\addo    1.89 KiB         0.87 KiB
  n\search\jump-to-line.js
  dist\js\chunk-85e7fd2a.145775f9.js        1.89 KiB         0.88 KiB
  dist\js\chunk-2d0afa49.2dbf1e57.js        1.85 KiB         0.71 KiB
  dist\js\chunk-51c8fde0.eaecb5df.js        1.85 KiB         0.88 KiB
  dist\js\chunk-2d2311f7.5e32cdab.js        1.83 KiB         0.89 KiB
  dist\js\chunk-2d2214b3.fe376bd3.js        1.81 KiB         0.85 KiB
  dist\js\chunk-2d209ae6.0f4a3b64.js        1.80 KiB         0.84 KiB
  dist\js\chunk-2d20eff5.754cf090.js        1.79 KiB         0.88 KiB
  dist\monaco-editor\min\vs\basic-langua    1.78 KiB         0.73 KiB
  ges\csp\csp.js
  dist\js\chunk-2d0e1b57.9f3b10ee.js        1.75 KiB         0.85 KiB
  dist\js\chunk-73bd2c3b.b6529f4a.js        1.74 KiB         0.88 KiB
  dist\static\ietmeditor\CodeMirror\mode    1.72 KiB         0.55 KiB
  \xml\test.js
  dist\js\chunk-2d0ba8d9.84d742c9.js        1.70 KiB         0.88 KiB
  dist\js\chunk-2d0b2b36.1ad59409.js        1.67 KiB         0.68 KiB
  dist\js\chunk-64e5e36e.df7d734a.js        1.65 KiB         0.81 KiB
  dist\static\ietmeditor\CodeMirror\addo    1.64 KiB         0.80 KiB
  n\hint\anyword-hint.js
  dist\js\chunk-06c88290.e20fdb11.js        1.64 KiB         0.85 KiB
  dist\js\chunk-03b19fbe.ecbe1ec6.js        1.64 KiB         0.85 KiB
  dist\static\ietmeditor\CodeMirror\addo    1.63 KiB         0.79 KiB
  n\fold\indent-fold.js
  dist\js\fail.ef2eb41e.js                  1.63 KiB         0.85 KiB
  dist\static\ietmeditor\CodeMirror\addo    1.57 KiB         0.69 KiB
  n\fold\markdown-fold.js
  dist\js\chunk-2d0dd4fc.59204d13.js        1.55 KiB         0.73 KiB
  dist\static\ietmeditor\CodeMirror\addo    1.54 KiB         0.62 KiB
  n\scroll\scrollpastend.js
  dist\monaco-editor\min\vs\basic-langua    1.47 KiB         0.75 KiB
  ges\ini\ini.js
  dist\js\chunk-55c3fec2.40aa5a93.js        1.45 KiB         0.74 KiB
  dist\js\chunk-2d209408.dc29752e.js        1.41 KiB         0.56 KiB
  dist\js\chunk-2d0e1f65.a8320cf5.js        1.38 KiB         0.75 KiB
  dist\js\chunk-783c5b99.9db04abc.js        1.33 KiB         0.77 KiB
  dist\js\chunk-2d0f05f3.ada59f2d.js        1.32 KiB         0.68 KiB
  dist\js\chunk-2d0c8bc6.080d442b.js        1.23 KiB         0.70 KiB
  dist\monaco-editor\min\vs\basic-langua    1.23 KiB         0.53 KiB
  ges\azcli\azcli.js
  dist\js\chunk-2d22897c.7a7c3152.js        1.19 KiB         0.71 KiB
  dist\js\chunk-2d0b5a44.794a531f.js        1.13 KiB         0.59 KiB
  dist\js\chunk-2d0c4313.3f88af5a.js        1.10 KiB         0.57 KiB
  dist\js\chunk-422df5d3.ccb56de1.js        1.01 KiB         0.55 KiB
  dist\static\ietmeditor\CodeMirror\addo    0.98 KiB         0.50 KiB
  n\edit\trailingspace.js
  dist\js\chunk-8911c64c.739306a2.js        0.96 KiB         0.48 KiB
  dist\js\chunk-2d0c9207.29acca12.js        0.92 KiB         0.58 KiB
  dist\js\chunk-2d0ba136.17c3a5d0.js        0.86 KiB         0.37 KiB
  dist\js\chunk-44fded66.a528d6b7.js        0.81 KiB         0.47 KiB
  dist\js\chunk-2d0be1b3.afea2d2a.js        0.59 KiB         0.47 KiB
  dist\js\chunk-2d20e7f3.2ec7ece0.js        0.40 KiB         0.28 KiB
  dist\js\chunk-2d210c28.7ab80917.js        0.40 KiB         0.30 KiB
  dist\js\chunk-2d0aecfc.5e882e91.js        0.39 KiB         0.29 KiB
  dist\js\chunk-2d0e4e51.d1775717.js        0.39 KiB         0.29 KiB
  dist\js\chunk-2d0ae949.957c032b.js        0.33 KiB         0.26 KiB
  dist\js\chunk-2d210bbe.c64738bf.js        0.33 KiB         0.26 KiB
  dist\static\config.js                     0.23 KiB         0.21 KiB
  dist\js\chunk-2d0b2916.680d2143.js        0.21 KiB         0.18 KiB
  dist\css\chunk-vendors.e1126a2d.css       762.29 KiB       124.14 KiB
  dist\css\chunk-3713be93.fa2cb054.css      404.15 KiB       60.20 KiB
  dist\css\chunk-5b2cc926.5ad0d9dd.css      106.90 KiB       16.91 KiB
  dist\css\chunk-2de230dd.0fa3d0c1.css      82.50 KiB        13.27 KiB
  dist\css\chunk-7854b3bd.93a19c93.css      80.42 KiB        8.35 KiB
  dist\monaco-editor\min\vs\editor\edito    70.36 KiB        12.81 KiB
  r.main.css
  dist\css\app.080a6048.css                 68.30 KiB        12.56 KiB
  dist\css\chunk-0dcfae18.b4b432a0.css      50.47 KiB        12.57 KiB
  dist\tinymce\skins\lightgray\skin.min.    46.44 KiB        7.68 KiB
  css
  dist\css\chunk-44fded66.f7c243c9.css      43.50 KiB        4.34 KiB
  dist\css\chunk-4acc3044.23b4b29f.css      26.50 KiB        4.36 KiB
  dist\static\ietmeditor\CodeMirror\them    25.87 KiB        18.30 KiB
  e\ambiance.css
  dist\tinymce\skins\lightgray\content.m    17.63 KiB        4.77 KiB
  in.css
  dist\css\user.6b37ad0e.css                15.01 KiB        3.14 KiB
  dist\css\chunk-34f2d37e.72d4b8f8.css      13.24 KiB        2.70 KiB
  dist\css\chunk-6e028a10.646cc0a8.css      10.66 KiB        1.80 KiB
  dist\static\ietmeditor\CodeMirror\lib\    8.44 KiB         2.54 KiB
  codemirror.css
  dist\css\chunk-29dac7cf.62cd94ce.css      8.41 KiB         1.67 KiB
  dist\css\chunk-183de7d8.b569270d.css      6.97 KiB         1.35 KiB
  dist\css\chunk-68887354.a656b6db.css      5.53 KiB         1.28 KiB
  dist\css\chunk-2a586ed8.1cc6d6f9.css      5.33 KiB         1.22 KiB
  dist\css\chunk-74aa5164.e087b844.css      5.33 KiB         1.22 KiB
  dist\static\ietmeditor\CodeMirror\them    5.30 KiB         1.29 KiB
  e\solarized.css
  dist\static\ietmeditor\CodeMirror\them    5.07 KiB         2.94 KiB
  e\mdn-like.css
  dist\css\chunk-8c907a88.e1050a32.css      4.94 KiB         1.23 KiB
  dist\css\chunk-1b398ae7.2d18f6d5.css      4.86 KiB         1.02 KiB
  dist\css\chunk-3b0ece6c.370f89f8.css      4.80 KiB         0.98 KiB
  dist\css\chunk-5148920d.eed03b4e.css      4.48 KiB         1.04 KiB
  dist\css\chunk-27ff6db0.9bc4ed02.css      4.09 KiB         0.95 KiB
  dist\css\chunk-4f8bd8c6.78513f56.css      4.04 KiB         1.09 KiB
  dist\css\chunk-585f5738.8f2eaf2c.css      3.95 KiB         1.02 KiB
  dist\static\ietmeditor\CodeMirror\them    3.90 KiB         0.84 KiB
  e\liquibyte.css
  dist\css\chunk-5fa4fda3.baca4187.css      3.73 KiB         0.99 KiB
  dist\css\chunk-e133d1a6.1bc73402.css      3.49 KiB         0.85 KiB
  dist\css\chunk-0d2a12be.0130b0d0.css      3.37 KiB         0.89 KiB
  dist\static\ietmeditor\CodeMirror\addo    3.34 KiB         0.92 KiB
  n\merge\merge.css
  dist\css\chunk-2151f7a8.4afe2bbf.css      2.98 KiB         0.86 KiB
  dist\static\ietmeditor\CodeMirror\them    2.96 KiB         1.16 KiB
  e\xq-dark.css
  dist\css\chunk-80089ee2.c0fc59a2.css      2.91 KiB         0.97 KiB
  dist\static\ietmeditor\CodeMirror\them    2.66 KiB         0.79 KiB
  e\duotone-light.css
  dist\css\chunk-03052987.77dbe987.css      2.59 KiB         0.71 KiB
  dist\static\ietmeditor\CodeMirror\them    2.57 KiB         0.69 KiB
  e\lesser-dark.css
  dist\static\ietmeditor\CodeMirror\them    2.55 KiB         0.79 KiB
  e\duotone-dark.css
  dist\css\chunk-ac666b32.5f7cd3ef.css      2.54 KiB         0.75 KiB
  dist\css\chunk-965aecb2.e1cd1018.css      2.49 KiB         0.64 KiB
  dist\css\chunk-3251c558.0870762d.css      2.49 KiB         0.49 KiB
  dist\static\ietmeditor\CodeMirror\them    2.46 KiB         0.67 KiB
  e\icecoder.css
  dist\static\ietmeditor\CodeMirror\them    2.43 KiB         0.67 KiB
  e\material.css
  dist\static\ietmeditor\CodeMirror\them    2.43 KiB         0.70 KiB
  e\pastel-on-dark.css
  dist\static\ietmeditor\CodeMirror\them    2.38 KiB         0.59 KiB
  e\shadowfox.css
  dist\static\ietmeditor\CodeMirror\them    2.38 KiB         0.63 KiB
  e\ttcn.css
  dist\static\ietmeditor\CodeMirror\them    2.38 KiB         0.59 KiB
  e\tomorrow-night-eighties.css
  dist\css\chunk-9854af5c.71fb21a1.css      2.36 KiB         0.81 KiB
  dist\css\chunk-2ca214ca.988c512c.css      2.35 KiB         0.65 KiB
  dist\css\chunk-3eac0f59.f8a5147c.css      2.27 KiB         0.65 KiB
  dist\css\chunk-6e3d8a86.0b795f0d.css      2.25 KiB         0.72 KiB
  dist\css\chunk-0b713890.7a302c0a.css      2.24 KiB         0.67 KiB
  dist\static\ietmeditor\CodeMirror\them    2.23 KiB         0.53 KiB
  e\erlang-dark.css
  dist\static\ietmeditor\CodeMirror\them    2.21 KiB         0.57 KiB
  e\oceanic-next.css
  dist\static\ietmeditor\CodeMirror\them    2.20 KiB         1.03 KiB
  e\xq-light.css
  dist\css\chunk-60c80fb2.e8c1ccb9.css      2.16 KiB         0.61 KiB
  dist\static\ietmeditor\CodeMirror\them    2.11 KiB         0.59 KiB
  e\twilight.css
  dist\static\ietmeditor\CodeMirror\them    2.09 KiB         0.58 KiB
  e\vibrant-ink.css
  dist\static\ietmeditor\CodeMirror\them    2.06 KiB         0.57 KiB
  e\base16-light.css
  dist\static\ietmeditor\CodeMirror\them    2.06 KiB         0.58 KiB
  e\base16-dark.css
  dist\static\ietmeditor\CodeMirror\them    2.06 KiB         0.59 KiB
  e\mbo.css
  dist\static\ietmeditor\CodeMirror\them    2.03 KiB         0.59 KiB
  e\paraiso-dark.css
  dist\static\ietmeditor\CodeMirror\them    2.03 KiB         0.58 KiB
  e\paraiso-light.css
  dist\static\ietmeditor\CodeMirror\them    2.03 KiB         0.58 KiB
  e\3024-night.css
  dist\css\chunk-598e40e9.0e101af9.css      2.02 KiB         0.64 KiB
  dist\static\ietmeditor\CodeMirror\them    2.00 KiB         0.59 KiB
  e\midnight.css
  dist\css\chunk-4e309160.35d79463.css      2.00 KiB         0.64 KiB
  dist\static\ietmeditor\CodeMirror\them    1.99 KiB         0.56 KiB
  e\dracula.css
  dist\static\ietmeditor\CodeMirror\them    1.96 KiB         0.58 KiB
  e\seti.css
  dist\static\ietmeditor\CodeMirror\them    1.94 KiB         0.58 KiB
  e\zenburn.css
  dist\static\ietmeditor\CodeMirror\them    1.94 KiB         0.56 KiB
  e\3024-day.css
  dist\css\chunk-648d9700.dbd77697.css      1.93 KiB         0.60 KiB
  dist\static\ietmeditor\CodeMirror\them    1.92 KiB         0.52 KiB
  e\abcdef.css
  dist\static\ietmeditor\CodeMirror\them    1.90 KiB         0.52 KiB
  e\monokai.css
  dist\static\ietmeditor\CodeMirror\them    1.89 KiB         0.47 KiB
  e\the-matrix.css
  dist\static\ietmeditor\CodeMirror\them    1.89 KiB         0.49 KiB
  e\blackboard.css
  dist\static\ietmeditor\CodeMirror\them    1.87 KiB         0.53 KiB
  e\lucario.css
  dist\static\ietmeditor\CodeMirror\them    1.84 KiB         0.54 KiB
  e\yeti.css
  dist\static\ietmeditor\CodeMirror\them    1.76 KiB         0.61 KiB
  e\panda-syntax.css
  dist\static\ietmeditor\CodeMirror\them    1.76 KiB         0.48 KiB
  e\rubyblue.css
  dist\css\chunk-8b2ad06e.a27d5ace.css      1.74 KiB         0.62 KiB
  dist\static\ietmeditor\CodeMirror\them    1.73 KiB         0.48 KiB
  e\tomorrow-night-bright.css
  dist\static\ietmeditor\CodeMirror\them    1.71 KiB         0.50 KiB
  e\night.css
  dist\css\chunk-3bef084f.e4351c31.css      1.69 KiB         0.68 KiB
  dist\css\chunk-f12f37a6.2e45253c.css      1.69 KiB         0.68 KiB
  dist\static\ietmeditor\CodeMirror\them    1.69 KiB         0.47 KiB
  e\cobalt.css
  dist\css\chunk-ddaa6350.1ed77f6e.css      1.64 KiB         0.42 KiB
  dist\static\ietmeditor\CodeMirror\them    1.64 KiB         0.47 KiB
  e\colorforth.css
  dist\css\chunk-2520899c.d0bce176.css      1.60 KiB         0.56 KiB
  dist\css\chunk-fe7bffda.99995fa9.css      1.55 KiB         0.57 KiB
  dist\static\ietmeditor\CodeMirror\them    1.53 KiB         0.49 KiB
  e\gruvbox-dark.css
  dist\css\chunk-1b0a1641.f34f7e4a.css      1.51 KiB         0.62 KiB
  dist\static\ietmeditor\CodeMirror\them    1.48 KiB         0.53 KiB
  e\railscasts.css
  dist\css\chunk-1e6a590f.ce7736b0.css      1.46 KiB         0.58 KiB
  dist\css\chunk-22814088.9150e053.css      1.45 KiB         0.58 KiB
  dist\css\chunk-621238b8.1f8f0893.css      1.43 KiB         0.52 KiB
  dist\static\ietmeditor\CodeMirror\them    1.43 KiB         0.52 KiB
  e\hopscotch.css
  dist\css\chunk-936ee4c0.86c724ef.css      1.42 KiB         0.49 KiB
  dist\css\chunk-71121512.5c386c8b.css      1.42 KiB         0.45 KiB
  dist\static\ietmeditor\CodeMirror\them    1.41 KiB         0.50 KiB
  e\isotope.css
  dist\static\ietmeditor\CodeMirror\them    1.38 KiB         0.51 KiB
  e\bespin.css
  dist\css\chunk-76c152d1.5b476c32.css      1.37 KiB         0.58 KiB
  dist\static\ietmeditor\CodeMirror\them    1.37 KiB         0.48 KiB
  e\idea.css
  dist\css\chunk-23c1ef08.af465718.css      1.36 KiB         0.59 KiB
  dist\static\ietmeditor\CodeMirror\addo    1.32 KiB         0.34 KiB
  n\scroll\simplescrollbars.css
  dist\css\chunk-44377af7.ad291630.css      1.30 KiB         0.48 KiB
  dist\css\chunk-7d295430.4ee93adf.css      1.28 KiB         0.49 KiB
  dist\css\chunk-14cee10c.2808c227.css      1.26 KiB         0.52 KiB
  dist\css\chunk-1817ac1c.3f803bd5.css      1.25 KiB         0.44 KiB
  dist\css\chunk-14157ab4.e1e27a5a.css      1.24 KiB         0.44 KiB
  dist\css\chunk-0ccf8fa4.a4a1d0ce.css      1.22 KiB         0.52 KiB
  dist\css\chunk-070db690.bbfb0a2f.css      1.17 KiB         0.49 KiB
  dist\css\chunk-329b0102.bbfb0a2f.css      1.17 KiB         0.49 KiB
  dist\css\chunk-4e198e7c.bbfb0a2f.css      1.17 KiB         0.49 KiB
  dist\css\chunk-76980e03.bbfb0a2f.css      1.17 KiB         0.49 KiB
  dist\static\ietmeditor\CodeMirror\them    1.16 KiB         0.36 KiB
  e\eclipse.css
  dist\css\chunk-98cba318.4e7629be.css      1.15 KiB         0.46 KiB
  dist\css\chunk-472c2409.4a356057.css      1.14 KiB         0.52 KiB
  dist\css\chunk-f708bbbc.a637e95a.css      1.10 KiB         0.49 KiB
  dist\css\chunk-9d93c7ce.86e94614.css      1.05 KiB         0.46 KiB
  dist\css\chunk-500a3595.bab60d41.css      1.04 KiB         0.37 KiB
  dist\css\chunk-f1c806b2.e5aedbfb.css      1.02 KiB         0.47 KiB
  dist\css\chunk-5bcedd04.36e659cb.css      1.01 KiB         0.45 KiB
  dist\css\chunk-27e41508.0ebfbc55.css      0.95 KiB         0.43 KiB
  dist\css\chunk-3208f484.0ebfbc55.css      0.95 KiB         0.43 KiB
  dist\css\chunk-36108da0.0ebfbc55.css      0.95 KiB         0.43 KiB
  dist\css\chunk-3cb088f8.0ebfbc55.css      0.95 KiB         0.43 KiB
  dist\css\chunk-3e50ff42.0ebfbc55.css      0.95 KiB         0.43 KiB
  dist\css\chunk-515b7eae.0ebfbc55.css      0.95 KiB         0.43 KiB
  dist\css\chunk-5df0aad8.0ebfbc55.css      0.95 KiB         0.43 KiB
  dist\css\chunk-9023ac98.0ebfbc55.css      0.95 KiB         0.43 KiB
  dist\css\chunk-986582ea.0ebfbc55.css      0.95 KiB         0.43 KiB
  dist\css\chunk-bd53669c.0ebfbc55.css      0.95 KiB         0.43 KiB
  dist\css\chunk-ccbb88aa.0ebfbc55.css      0.95 KiB         0.43 KiB
  dist\css\chunk-0b992f22.c92bad8d.css      0.95 KiB         0.30 KiB
  dist\css\chunk-7c303f9a.7d120989.css      0.94 KiB         0.35 KiB
  dist\css\chunk-c56490e4.cadf1446.css      0.93 KiB         0.39 KiB
  dist\static\ietmeditor\CodeMirror\them    0.92 KiB         0.40 KiB
  e\neo.css
  dist\css\chunk-1dbb67e9.00682823.css      0.84 KiB         0.31 KiB
  dist\css\chunk-45efc3f8.033303d9.css      0.83 KiB         0.35 KiB
  dist\css\chunk-41508c02.fdd4b892.css      0.82 KiB         0.35 KiB
  dist\css\chunk-16aeba2b.e8614a12.css      0.81 KiB         0.37 KiB
  dist\static\ietmeditor\CodeMirror\addo    0.81 KiB         0.36 KiB
  n\hint\show-hint.css
  dist\css\chunk-03b19fbe.8534b635.css      0.80 KiB         0.33 KiB
  dist\css\chunk-06c88290.8534b635.css      0.80 KiB         0.33 KiB
  dist\css\chunk-783c5b99.8534b635.css      0.80 KiB         0.33 KiB
  dist\css\fail.8534b635.css                0.80 KiB         0.33 KiB
  dist\css\chunk-13848c2c.70ea144e.css      0.78 KiB         0.31 KiB
  dist\static\ietmeditor\CodeMirror\them    0.76 KiB         0.28 KiB
  e\elegant.css
  dist\css\chunk-85e7fd2a.95363c7c.css      0.74 KiB         0.32 KiB
  dist\css\chunk-9740a9e4.26f1a347.css      0.74 KiB         0.30 KiB
  dist\css\chunk-a7306078.49f443b5.css      0.74 KiB         0.35 KiB
  dist\static\ietmeditor\CodeMirror\them    0.73 KiB         0.26 KiB
  e\ssms.css
  dist\css\chunk-e01e404a.a176ac87.css      0.73 KiB         0.31 KiB
  dist\css\chunk-4ba219c9.82332ff7.css      0.71 KiB         0.29 KiB
  dist\static\ietmeditor\res\jquery-easy    0.71 KiB         0.34 KiB
  ui-ribbon\ribbon.css
  dist\css\chunk-25b10da4.b5afa136.css      0.70 KiB         0.30 KiB
  dist\css\chunk-51c8fde0.b5afa136.css      0.70 KiB         0.30 KiB
  dist\css\chunk-5587aff8.b5afa136.css      0.70 KiB         0.30 KiB
  dist\css\chunk-8911c64c.b5afa136.css      0.70 KiB         0.30 KiB
  dist\css\chunk-68b81eec.16db6d7f.css      0.69 KiB         0.33 KiB
  dist\css\chunk-fc8c7afa.16db6d7f.css      0.69 KiB         0.33 KiB
  dist\css\chunk-bff47058.40032461.css      0.67 KiB         0.26 KiB
  dist\static\ietmeditor\CodeMirror\them    0.67 KiB         0.27 KiB
  e\neat.css
  dist\css\chunk-7052ca12.514e3386.css      0.64 KiB         0.23 KiB
  dist\css\chunk-02ffcfae.47131bba.css      0.62 KiB         0.27 KiB
  dist\css\chunk-1a3b2eec.47131bba.css      0.62 KiB         0.27 KiB
  dist\css\chunk-3e86dc02.3f29542b.css      0.56 KiB         0.30 KiB
  dist\css\chunk-7ad667c8.a7409173.css      0.55 KiB         0.25 KiB
  dist\css\chunk-d62bb5d0.7687113e.css      0.55 KiB         0.25 KiB
  dist\css\chunk-2b45a1bc.bacfd703.css      0.51 KiB         0.24 KiB
  dist\css\chunk-411f668f.17096404.css      0.51 KiB         0.24 KiB
  dist\css\chunk-697bdbfe.14729d91.css      0.51 KiB         0.24 KiB
  dist\css\chunk-7a7156c0.487e4679.css      0.51 KiB         0.24 KiB
  dist\css\chunk-b124276a.42c88148.css      0.51 KiB         0.24 KiB
  dist\static\ietmeditor\CodeMirror\addo    0.50 KiB         0.26 KiB
  n\dialog\dialog.css
  dist\css\chunk-6acfa123.79796f31.css      0.49 KiB         0.23 KiB
  dist\css\chunk-457598da.ea94a928.css      0.48 KiB         0.25 KiB
  dist\css\chunk-3a177310.f473f0df.css      0.44 KiB         0.22 KiB
  dist\css\chunk-cc203c6c.6c6ae3e4.css      0.44 KiB         0.24 KiB
  dist\static\ietmeditor\CodeMirror\addo    0.42 KiB         0.21 KiB
  n\fold\foldgutter.css
  dist\css\chunk-5a06ea50.6b39647e.css      0.42 KiB         0.21 KiB
  dist\css\chunk-3a5403df.d7a44062.css      0.42 KiB         0.28 KiB
  dist\css\chunk-c410453a.d7a44062.css      0.42 KiB         0.28 KiB
  dist\css\chunk-41c8258f.4decb100.css      0.41 KiB         0.18 KiB
  dist\css\chunk-53ce05ac.5c374a98.css      0.40 KiB         0.17 KiB
  dist\css\chunk-289539c8.95b8827b.css      0.38 KiB         0.22 KiB
  dist\css\chunk-c89f2f6c.00cb5be7.css      0.38 KiB         0.16 KiB
  dist\css\chunk-58f6ab40.598fd6a7.css      0.38 KiB         0.21 KiB
  dist\css\chunk-40d35aa4.850f3065.css      0.38 KiB         0.22 KiB
  dist\css\chunk-e7420cdc.2c9cd264.css      0.32 KiB         0.14 KiB
  dist\css\chunk-73bd2c3b.3225cf4e.css      0.31 KiB         0.19 KiB
  dist\css\chunk-ac448f1a.97cd941e.css      0.31 KiB         0.18 KiB
  dist\css\chunk-9a42303e.85b01542.css      0.30 KiB         0.16 KiB
  dist\css\chunk-2f500140.8d4572ff.css      0.29 KiB         0.16 KiB
  dist\css\chunk-15efa5d0.e20977ce.css      0.29 KiB         0.21 KiB
  dist\css\chunk-2e202db4.d29b6a8f.css      0.25 KiB         0.19 KiB
  dist\css\chunk-55c3fec2.a1fad1c8.css      0.25 KiB         0.19 KiB
  dist\css\chunk-73e7e75c.614ac538.css      0.25 KiB         0.19 KiB
  dist\css\chunk-f1cd2b70.e1a5a301.css      0.25 KiB         0.19 KiB
  dist\css\chunk-17359b1f.41ec56f6.css      0.23 KiB         0.14 KiB
  dist\css\chunk-322cff99.f6185f95.css      0.23 KiB         0.14 KiB
  dist\css\chunk-71426bc4.529773c5.css      0.22 KiB         0.16 KiB
  dist\css\chunk-4a211010.b6dd07f0.css      0.21 KiB         0.15 KiB
  dist\css\chunk-4a7b3597.62d8fa83.css      0.21 KiB         0.15 KiB
  dist\css\chunk-422df5d3.eb8f3d65.css      0.20 KiB         0.14 KiB
  dist\css\chunk-4096990e.7ca2cfca.css      0.19 KiB         0.17 KiB
  dist\css\chunk-47147aed.d87588f5.css      0.19 KiB         0.17 KiB
  dist\css\chunk-64ea1b29.c3985bee.css      0.19 KiB         0.17 KiB
  dist\css\chunk-e42d300a.dcae942d.css      0.19 KiB         0.17 KiB
  dist\css\chunk-f3674912.7ca2cfca.css      0.19 KiB         0.17 KiB
  dist\static\ietmeditor\CodeMirror\addo    0.18 KiB         0.13 KiB
  n\search\matchesonscrollbar.css
  dist\css\chunk-64e5e36e.82c323ce.css      0.17 KiB         0.12 KiB
  dist\css\chunk-24e03b68.9be8b270.css      0.16 KiB         0.13 KiB
  dist\css\chunk-877b5a06.4df42a33.css      0.15 KiB         0.12 KiB
  dist\css\chunk-d0d6577c.4308759d.css      0.15 KiB         0.13 KiB
  dist\css\chunk-fe163256.1133acd5.css      0.14 KiB         0.12 KiB
  dist\css\chunk-d48122ca.879df255.css      0.14 KiB         0.12 KiB
  dist\css\chunk-323d65cd.6c567791.css      0.14 KiB         0.13 KiB
  dist\css\chunk-012368b6.521fe601.css      0.14 KiB         0.11 KiB
  dist\css\chunk-a87093c6.b13048a7.css      0.13 KiB         0.11 KiB
  dist\css\chunk-28b4c9fa.f2985003.css      0.13 KiB         0.12 KiB
  dist\css\chunk-34390ece.6f167af4.css      0.12 KiB         0.10 KiB
  dist\css\chunk-517b6b54.04c05690.css      0.11 KiB         0.11 KiB
  dist\css\chunk-493b284c.89d4e494.css      0.10 KiB         0.11 KiB
  dist\static\ietmeditor\CodeMirror\them    0.10 KiB         0.08 KiB
  e\ambiance-mobile.css
  dist\css\chunk-f7130340.f1b4b577.css      0.09 KiB         0.10 KiB
  dist\css\chunk-5ba41c0a.1f22179b.css      0.09 KiB         0.08 KiB
  dist\css\chunk-6bea9456.fccc1639.css      0.08 KiB         0.09 KiB
  dist\css\chunk-60bf5275.102d7641.css      0.07 KiB         0.09 KiB
  dist\css\chunk-7904e05f.729d9382.css      0.07 KiB         0.09 KiB
  dist\css\chunk-c82a91e6.729d9382.css      0.07 KiB         0.09 KiB
  dist\css\chunk-d4f90e94.102d7641.css      0.07 KiB         0.09 KiB
  dist\css\chunk-1da69a8c.ee685d29.css      0.07 KiB         0.08 KiB
  dist\css\chunk-98a97c06.47347a1f.css      0.07 KiB         0.08 KiB
  dist\css\chunk-50bba626.9f3a1f88.css      0.07 KiB         0.09 KiB
  dist\css\chunk-628a3277.9f3a1f88.css      0.07 KiB         0.09 KiB
  dist\css\chunk-851e9064.9f3a1f88.css      0.07 KiB         0.09 KiB
  dist\css\chunk-25b042f8.36588fe8.css      0.07 KiB         0.09 KiB
  dist\css\chunk-68f1317b.937cf46c.css      0.06 KiB         0.08 KiB
  dist\css\chunk-36dbe6e4.8ac92d69.css      0.06 KiB         0.07 KiB
  dist\css\chunk-2df27428.5212c384.css      0.06 KiB         0.08 KiB
  dist\css\chunk-9a58e340.bcdec234.css      0.05 KiB         0.07 KiB
  dist\css\chunk-259eace8.23e6a9f5.css      0.05 KiB         0.07 KiB
  dist\css\chunk-5580da4a.43246580.css      0.05 KiB         0.07 KiB
  dist\css\chunk-d11a6306.c24db50e.css      0.04 KiB         0.06 KiB
  dist\css\chunk-8ed57444.7da397af.css      0.00 KiB         0.02 KiB

  Images and other types of assets omitted.

 DONE  Build complete. The dist directory is ready to be deployed.
 INFO  Check out deployment instructions at https://cli.vuejs.org/guide/deployment.html
      
